
> @figma/my-make-file@0.0.1 build
> vite build

vite v6.3.5 building for production...
transforming...
✓ 4611 modules transformed.
rendering chunks...
computing gzip size...
dist/index.html                              3.13 kB │ gzip:     1.00 kB
dist/assets/logo-light-jZxJO7H3.png         11.99 kB
dist/assets/logo-dark-DKW2EKQd.png          15.63 kB
dist/assets/index-CexfZ7Zj.css             288.65 kB │ gzip:    38.67 kB
dist/assets/purify.es-BwoZCkIS.js           22.03 kB │ gzip:     8.77 kB
dist/assets/index.es-D3PVGBzY.js           159.60 kB │ gzip:    53.50 kB
dist/assets/html2canvas.esm-QH1iLAAe.js    202.38 kB │ gzip:    48.04 kB
dist/assets/index-B6CCRldI.js            3,730.34 kB │ gzip: 1,115.56 kB

(!) Some chunks are larger than 500 kB after minification. Consider:
- Using dynamic import() to code-split the application
- Use build.rollupOptions.output.manualChunks to improve chunking: https://rollupjs.org/configuration-options/#output-manualchunks
- Adjust chunk size limit for this warning via build.chunkSizeWarningLimit.
✓ built in 41.39s
